c PASS attachment_denied_before_read
c PASS auto_order
c PASS concurrent_approval_once
c PASS concurrent_submission_once
c PASS cross_agent_and_account
c PASS direct_provider_access
c PASS document_read_allow
c PASS document_read_denied_before_disclosure
c PASS email_approval_exact_snapshot
c PASS expiration_pending
c PASS generated_order_boundary_matrix
c PASS grant_creation_authority
c PASS hard_denial_cannot_be_approved
c PASS idempotency_cross_grant_binding
c PASS idempotency_same_and_changed_action
c PASS identity_and_approval_spoofing
c PASS missing_authentication
c PASS order_constraints
c PASS order_requires_review
c PASS policy_claims_in_document_are_data
c PASS provider_ambiguous_completion
c PASS provider_rejection
c PASS provider_unavailable
c PASS recipient_checks_all_fields
c PASS response_secret_separation
c PASS restart_pending_and_replay
c PASS revocation_pending
c PASS snapshot_survives_document_change
c PASS unknown_action_and_stale_attachment
c PASS wrong_digest_and_replacement
Evidence: experiments/c_capability/evidence/common-final/report.json
