a PASS attachment_denied_before_read
a PASS auto_order
a PASS concurrent_approval_once
a PASS concurrent_submission_once
a PASS cross_agent_and_account
a PASS direct_provider_access
a PASS document_read_allow
a PASS document_read_denied_before_disclosure
a PASS email_approval_exact_snapshot
a PASS expiration_pending
a PASS generated_order_boundary_matrix
a PASS grant_creation_authority
a PASS hard_denial_cannot_be_approved
a PASS idempotency_cross_grant_binding
a PASS idempotency_same_and_changed_action
a FAIL identity_and_approval_spoofing
a PASS missing_authentication
a PASS order_constraints
a PASS order_requires_review
a PASS policy_claims_in_document_are_data
a PASS provider_ambiguous_completion
a PASS provider_rejection
a PASS provider_unavailable
a PASS recipient_checks_all_fields
a PASS response_secret_separation
a PASS restart_pending_and_replay
a PASS revocation_pending
a PASS snapshot_survives_document_change
a PASS unknown_action_and_stale_attachment
a PASS wrong_digest_and_replacement
a PASS attachment_denied_before_read
a PASS auto_order
a PASS concurrent_approval_once
a PASS concurrent_submission_once
a PASS cross_agent_and_account
a PASS direct_provider_access
a PASS document_read_allow
a PASS document_read_denied_before_disclosure
a PASS email_approval_exact_snapshot
a PASS expiration_pending
a PASS generated_order_boundary_matrix
a PASS grant_creation_authority
a PASS hard_denial_cannot_be_approved
a PASS idempotency_cross_grant_binding
a PASS idempotency_same_and_changed_action
a PASS identity_and_approval_spoofing
a PASS missing_authentication
a PASS order_constraints
a PASS order_requires_review
a PASS policy_claims_in_document_are_data
a PASS provider_ambiguous_completion
a PASS provider_rejection
a PASS provider_unavailable
a PASS recipient_checks_all_fields
a PASS response_secret_separation
a PASS restart_pending_and_replay
a PASS revocation_pending
a PASS snapshot_survives_document_change
a PASS unknown_action_and_stale_attachment
a PASS wrong_digest_and_replacement
/home/alacasse/projects/moraine/experiments/results/review-a/oracle-probes.json
